// Jest Snapshot v1, https://goo.gl/fbAQLP

exports[`CampaignChangesets renders 1`] = `
<Fragment>
  <ChangesetFiltersRow />
  <div
    className="list-group position-relative"
  >
    <FilteredConnection
      className="mt-2"
      defaultFirst={15}
      hideSearch={true}
      history="[History]"
      location="[Location path=/]"
      nodeComponent={[Function]}
      nodeComponentProps={
        Object {
          "campaignUpdates": "[Subject]",
          "extensionInfo": Object {
            "extensionsController": undefined,
            "hoverifier": Object {
              "hoverState": Object {
                "actionsOrError": undefined,
                "highlightedRange": undefined,
                "hoverOverlayProps": undefined,
                "hoveredTokenElement": undefined,
                "selectedPosition": undefined,
              },
              "hoverStateUpdates": "[Subject]",
              "hoverify": [Function],
              "unsubscribe": [Function],
            },
          },
          "history": "[History]",
          "isLightTheme": true,
          "location": "[Location path=/]",
          "viewerCanAdminister": undefined,
        }
      }
      noun="changeset"
      pluralNoun="changesets"
      queryConnection={[Function]}
      useURLQuery={true}
    />
  </div>
</Fragment>
`;
